
> app@0.1.0 test:e2e:smoke
> playwright test e2e/smoke.spec.ts

🎭 Starting Playwright global setup...
Node.js version: v22.22.0
✅ Node.js 22+ detected - compatibility settings applied
✅ TransformStream available
✅ Global setup complete

Running 10 tests using 1 worker

  ✘   1 [chromium] › e2e/smoke.spec.ts:10:3 › Smoke Tests - Homepage › homepage loads successfully (255ms)
  ✘   2 [chromium] › e2e/smoke.spec.ts:26:3 › Smoke Tests - Homepage › homepage has navigation elements (211ms)
  ✘   3 [chromium] › e2e/smoke.spec.ts:37:3 › Smoke Tests - Dashboard › dashboard page loads (215ms)
  ✘   4 [chromium] › e2e/smoke.spec.ts:49:3 › Smoke Tests - Dashboard › dashboard shows content after loading (205ms)
  ✘   5 [chromium] › e2e/smoke.spec.ts:62:3 › Smoke Tests - Quotes › quotes list page loads (306ms)
  ✘   6 [chromium] › e2e/smoke.spec.ts:70:3 › Smoke Tests - Quotes › new quote page loads (224ms)
  ✘   7 [chromium] › e2e/smoke.spec.ts:80:3 › Smoke Tests - Customers › customers page loads (186ms)
  ✘   8 [chromium] › e2e/smoke.spec.ts:90:3 › Smoke Tests - Navigation › can navigate from home to dashboard (200ms)
  ✘   9 [chromium] › e2e/smoke.spec.ts:103:3 › Smoke Tests - Navigation › 404 page handles unknown routes (197ms)
  ✘  10 [chromium] › e2e/smoke.spec.ts:110:3 › Smoke Tests - API › api endpoints respond (325ms)
🧹 Starting Playwright global teardown...
✅ Killed processes on port 3000
✅ Global teardown complete


  1) [chromium] › e2e/smoke.spec.ts:10:3 › Smoke Tests - Homepage › homepage loads successfully ────

    Error: page.goto: net::ERR_CONNECTION_REFUSED at http://localhost:3000/
    Call log:
    [2m  - navigating to "http://localhost:3000/", waiting until "load"[22m


       9 | test.describe('Smoke Tests - Homepage', () => {
      10 |   test('homepage loads successfully', async ({ page }) => {
    > 11 |     const response = await page.goto('/');
         |                                 ^
      12 |     expect(response?.status()).toBe(200);
      13 |
      14 |     // Wait for the page to be fully loaded
        at /root/.openclaw/workspace/quotegen-app/e2e/smoke.spec.ts:11:33

    attachment #1: screenshot (image/png) ──────────────────────────────────────────────────────────
    test-results/smoke-Smoke-Tests---Homepage-homepage-loads-successfully-chromium/test-failed-1.png
    ────────────────────────────────────────────────────────────────────────────────────────────────

  2) [chromium] › e2e/smoke.spec.ts:26:3 › Smoke Tests - Homepage › homepage has navigation elements 

    Error: page.goto: net::ERR_CONNECTION_REFUSED at http://localhost:3000/
    Call log:
    [2m  - navigating to "http://localhost:3000/", waiting until "load"[22m


      25 |
      26 |   test('homepage has navigation elements', async ({ page }) => {
    > 27 |     await page.goto('/');
         |                ^
      28 |     await page.waitForLoadState('domcontentloaded');
      29 |
      30 |     // Check for header
        at /root/.openclaw/workspace/quotegen-app/e2e/smoke.spec.ts:27:16

    attachment #1: screenshot (image/png) ──────────────────────────────────────────────────────────
    test-results/smoke-Smoke-Tests---Homepa-eb47b-age-has-navigation-elements-chromium/test-failed-1.png
    ────────────────────────────────────────────────────────────────────────────────────────────────

  3) [chromium] › e2e/smoke.spec.ts:37:3 › Smoke Tests - Dashboard › dashboard page loads ──────────

    Error: page.goto: net::ERR_CONNECTION_REFUSED at http://localhost:3000/dashboard
    Call log:
    [2m  - navigating to "http://localhost:3000/dashboard", waiting until "load"[22m


      36 | test.describe('Smoke Tests - Dashboard', () => {
      37 |   test('dashboard page loads', async ({ page }) => {
    > 38 |     await page.goto('/dashboard');
         |                ^
      39 |     await page.waitForLoadState('domcontentloaded');
      40 |
      41 |     // Check body is visible
        at /root/.openclaw/workspace/quotegen-app/e2e/smoke.spec.ts:38:16

    attachment #1: screenshot (image/png) ──────────────────────────────────────────────────────────
    test-results/smoke-Smoke-Tests---Dashboard-dashboard-page-loads-chromium/test-failed-1.png
    ────────────────────────────────────────────────────────────────────────────────────────────────

  4) [chromium] › e2e/smoke.spec.ts:49:3 › Smoke Tests - Dashboard › dashboard shows content after loading 

    Error: page.goto: net::ERR_CONNECTION_REFUSED at http://localhost:3000/dashboard
    Call log:
    [2m  - navigating to "http://localhost:3000/dashboard", waiting until "load"[22m


      48 |
      49 |   test('dashboard shows content after loading', async ({ page }) => {
    > 50 |     await page.goto('/dashboard');
         |                ^
      51 |
      52 |     // Wait for content to load (simulated loading takes 1.5s)
      53 |     await page.waitForTimeout(2000);
        at /root/.openclaw/workspace/quotegen-app/e2e/smoke.spec.ts:50:16

    attachment #1: screenshot (image/png) ──────────────────────────────────────────────────────────
    test-results/smoke-Smoke-Tests---Dashbo-83f0b-shows-content-after-loading-chromium/test-failed-1.png
    ────────────────────────────────────────────────────────────────────────────────────────────────

  5) [chromium] › e2e/smoke.spec.ts:62:3 › Smoke Tests - Quotes › quotes list page loads ───────────

    Error: page.goto: net::ERR_CONNECTION_REFUSED at http://localhost:3000/quotes
    Call log:
    [2m  - navigating to "http://localhost:3000/quotes", waiting until "load"[22m


      61 | test.describe('Smoke Tests - Quotes', () => {
      62 |   test('quotes list page loads', async ({ page }) => {
    > 63 |     await page.goto('/quotes');
         |                ^
      64 |     await page.waitForLoadState('domcontentloaded');
      65 |
      66 |     const body = page.locator('body');
        at /root/.openclaw/workspace/quotegen-app/e2e/smoke.spec.ts:63:16

    attachment #1: screenshot (image/png) ──────────────────────────────────────────────────────────
    test-results/smoke-Smoke-Tests---Quotes-quotes-list-page-loads-chromium/test-failed-1.png
    ────────────────────────────────────────────────────────────────────────────────────────────────

  6) [chromium] › e2e/smoke.spec.ts:70:3 › Smoke Tests - Quotes › new quote page loads ─────────────

    Error: page.goto: net::ERR_CONNECTION_REFUSED at http://localhost:3000/quotes/new
    Call log:
    [2m  - navigating to "http://localhost:3000/quotes/new", waiting until "load"[22m


      69 |
      70 |   test('new quote page loads', async ({ page }) => {
    > 71 |     await page.goto('/quotes/new');
         |                ^
      72 |     await page.waitForLoadState('domcontentloaded');
      73 |
      74 |     const body = page.locator('body');
        at /root/.openclaw/workspace/quotegen-app/e2e/smoke.spec.ts:71:16

    attachment #1: screenshot (image/png) ──────────────────────────────────────────────────────────
    test-results/smoke-Smoke-Tests---Quotes-new-quote-page-loads-chromium/test-failed-1.png
    ────────────────────────────────────────────────────────────────────────────────────────────────

  7) [chromium] › e2e/smoke.spec.ts:80:3 › Smoke Tests - Customers › customers page loads ──────────

    Error: page.goto: net::ERR_CONNECTION_REFUSED at http://localhost:3000/customers
    Call log:
    [2m  - navigating to "http://localhost:3000/customers", waiting until "load"[22m


      79 | test.describe('Smoke Tests - Customers', () => {
      80 |   test('customers page loads', async ({ page }) => {
    > 81 |     await page.goto('/customers');
         |                ^
      82 |     await page.waitForLoadState('domcontentloaded');
      83 |
      84 |     const body = page.locator('body');
        at /root/.openclaw/workspace/quotegen-app/e2e/smoke.spec.ts:81:16

    attachment #1: screenshot (image/png) ──────────────────────────────────────────────────────────
    test-results/smoke-Smoke-Tests---Customers-customers-page-loads-chromium/test-failed-1.png
    ────────────────────────────────────────────────────────────────────────────────────────────────

  8) [chromium] › e2e/smoke.spec.ts:90:3 › Smoke Tests - Navigation › can navigate from home to dashboard 

    Error: page.goto: net::ERR_CONNECTION_REFUSED at http://localhost:3000/
    Call log:
    [2m  - navigating to "http://localhost:3000/", waiting until "load"[22m


      90 |   test('can navigate from home to dashboard', async ({ page }) => {
      91 |     // Start at homepage
    > 92 |     await page.goto('/');
         |                ^
      93 |     await page.waitForLoadState('domcontentloaded');
      94 |
      95 |     // Navigate to dashboard directly
        at /root/.openclaw/workspace/quotegen-app/e2e/smoke.spec.ts:92:16

    attachment #1: screenshot (image/png) ──────────────────────────────────────────────────────────
    test-results/smoke-Smoke-Tests---Naviga-7af57-gate-from-home-to-dashboard-chromium/test-failed-1.png
    ────────────────────────────────────────────────────────────────────────────────────────────────

  9) [chromium] › e2e/smoke.spec.ts:103:3 › Smoke Tests - Navigation › 404 page handles unknown routes 

    Error: page.goto: net::ERR_CONNECTION_REFUSED at http://localhost:3000/this-page-does-not-exist
    Call log:
    [2m  - navigating to "http://localhost:3000/this-page-does-not-exist", waiting until "load"[22m


      102 |
      103 |   test('404 page handles unknown routes', async ({ page }) => {
    > 104 |     const response = await page.goto('/this-page-does-not-exist');
          |                                 ^
      105 |     expect(response?.status()).toBe(404);
      106 |   });
