
> app@0.1.0 test:e2e:smoke
> playwright test e2e/smoke.spec.ts

🎭 Starting Playwright global setup...
Node.js version: v22.22.0
✅ Node.js 22+ detected - compatibility settings applied
✅ TransformStream available
✅ Global setup complete

Running 10 tests using 1 worker

  ✘   1 [chromium] › e2e/smoke.spec.ts:10:3 › Smoke Tests - Homepage › homepage loads successfully (1.1s)
  ✘   2 [chromium] › e2e/smoke.spec.ts:26:3 › Smoke Tests - Homepage › homepage has navigation elements (277ms)
  ✘   3 [chromium] › e2e/smoke.spec.ts:37:3 › Smoke Tests - Dashboard › dashboard page loads (319ms)
  ✘   4 [chromium] › e2e/smoke.spec.ts:49:3 › Smoke Tests - Dashboard › dashboard shows content after loading (274ms)
  ✘   5 [chromium] › e2e/smoke.spec.ts:62:3 › Smoke Tests - Quotes › quotes list page loads (283ms)
  ✘   6 [chromium] › e2e/smoke.spec.ts:70:3 › Smoke Tests - Quotes › new quote page loads (1.1s)
  ✘   7 [chromium] › e2e/smoke.spec.ts:80:3 › Smoke Tests - Customers › customers page loads (1.4s)
  ✘   8 [chromium] › e2e/smoke.spec.ts:90:3 › Smoke Tests - Navigation › can navigate from home to dashboard (1.2s)
  ✘   9 [chromium] › e2e/smoke.spec.ts:103:3 › Smoke Tests - Navigation › 404 page handles unknown routes (235ms)
  ✘  10 [chromium] › e2e/smoke.spec.ts:110:3 › Smoke Tests - API › api endpoints respond (323ms)
🧹 Starting Playwright global teardown...
✅ Killed processes on port 3000
✅ Global teardown complete


  1) [chromium] › e2e/smoke.spec.ts:10:3 › Smoke Tests - Homepage › homepage loads successfully ────

    Error: page.goto: net::ERR_CONNECTION_REFUSED at http://localhost:3000/
    Call log:
    [2m  - navigating to "http://localhost:3000/", waiting until "load"[22m


       9 | test.describe('Smoke Tests - Homepage', () => {
      10 |   test('homepage loads successfully', async ({ page }) => {
    > 11 |     const response = await page.goto('/');
         |                                 ^
      12 |     expect(response?.status()).toBe(200);
      13 |
      14 |     // Wait for the page to be fully loaded
        at /root/.openclaw/workspace/quotegen-app/e2e/smoke.spec.ts:11:33

    attachment #1: screenshot (image/png) ──────────────────────────────────────────────────────────
    test-results/smoke-Smoke-Tests---Homepage-homepage-loads-successfully-chromium/test-failed-1.png
    ────────────────────────────────────────────────────────────────────────────────────────────────

  2) [chromium] › e2e/smoke.spec.ts:26:3 › Smoke Tests - Homepage › homepage has navigation elements 

    Error: page.goto: net::ERR_CONNECTION_REFUSED at http://localhost:3000/
    Call log:
    [2m  - navigating to "http://localhost:3000/", waiting until "load"[22m


      25 |
      26 |   test('homepage has navigation elements', async ({ page }) => {
    > 27 |     await page.goto('/');
         |                ^
      28 |     await page.waitForLoadState('domcontentloaded');
      29 |
      30 |     // Check for header
        at /root/.openclaw/workspace/quotegen-app/e2e/smoke.spec.ts:27:16

    attachment #1: screenshot (image/png) ──────────────────────────────────────────────────────────
    test-results/smoke-Smoke-Tests---Homepa-eb47b-age-has-navigation-elements-chromium/test-failed-1.png
    ────────────────────────────────────────────────────────────────────────────────────────────────

  3) [chromium] › e2e/smoke.spec.ts:37:3 › Smoke Tests - Dashboard › dashboard page loads ──────────

    Error: page.goto: net::ERR_CONNECTION_REFUSED at http://localhost:3000/dashboard
    Call log:
    [2m  - navigating to "http://localhost:3000/dashboard", waiting until "load"[22m


      36 | test.describe('Smoke Tests - Dashboard', () => {
      37 |   test('dashboard page loads', async ({ page }) => {
    > 38 |     await page.goto('/dashboard');
         |                ^
      39 |     await page.waitForLoadState('domcontentloaded');
      40 |
      41 |     // Check body is visible
        at /root/.openclaw/workspace/quotegen-app/e2e/smoke.spec.ts:38:16

    attachment #1: screenshot (image/png) ──────────────────────────────────────────────────────────
    test-results/smoke-Smoke-Tests---Dashboard-dashboard-page-loads-chromium/test-failed-1.png
    ────────────────────────────────────────────────────────────────────────────────────────────────

  4) [chromium] › e2e/smoke.spec.ts:49:3 › Smoke Tests - Dashboard › dashboard shows content after loading 

    Error: page.goto: net::ERR_CONNECTION_REFUSED at http://localhost:3000/dashboard
    Call log:
    [2m  - navigating to "http://localhost:3000/dashboard", waiting until "load"[22m


      48 |
      49 |   test('dashboard shows content after loading', async ({ page }) => {
    > 50 |     await page.goto('/dashboard');
         |                ^
      51 |
      52 |     // Wait for content to load (simulated loading takes 1.5s)
