2026-02-18T13:13:53.822Z LH:ChromeLauncher Waiting for browser.
2026-02-18T13:13:53.823Z LH:ChromeLauncher Waiting for browser...
2026-02-18T13:13:54.351Z LH:ChromeLauncher Waiting for browser.....
2026-02-18T13:13:54.854Z LH:ChromeLauncher Waiting for browser.......
2026-02-18T13:13:55.356Z LH:ChromeLauncher Waiting for browser.........
2026-02-18T13:13:55.863Z LH:ChromeLauncher Waiting for browser...........
2026-02-18T13:13:56.372Z LH:ChromeLauncher Waiting for browser.............
2026-02-18T13:13:56.879Z LH:ChromeLauncher Waiting for browser...............
2026-02-18T13:13:56.880Z LH:ChromeLauncher Waiting for browser...............[32m✓[0m
2026-02-18T13:13:58.829Z LH:status Connecting to browser
2026-02-18T13:13:58.854Z LH:status Navigating to about:blank
2026-02-18T13:13:58.870Z LH:status Benchmarking machine
2026-02-18T13:13:59.936Z LH:status Host device pixel ratio
2026-02-18T13:13:59.943Z LH:status Preparing target for navigation mode
2026-02-18T13:13:59.990Z LH:status Cleaning origin data
2026-02-18T13:14:00.002Z LH:status Cleaning browser cache
2026-02-18T13:14:00.016Z LH:status Preparing network conditions
2026-02-18T13:14:00.109Z LH:status Navigating to https://quotegen-quazdheta-oc-ilias-projects.vercel.app/
2026-02-18T13:14:45.146Z LH:waitFor:warn Timed out waiting for page load. Checking if page is hung...
2026-02-18T13:14:45.149Z LH:waitFor:warn Remaining inflight requests URLs [
  'https://quotegen-quazdheta-oc-ilias-projects.vercel.app/.well-known/vercel-user-meta'
]
2026-02-18T13:14:46.608Z LH:status Getting artifact: DevtoolsLog
2026-02-18T13:14:46.608Z LH:status Getting artifact: Trace
2026-02-18T13:14:46.608Z LH:status Getting artifact: Accessibility
2026-02-18T13:14:46.840Z LH:status Getting artifact: AnchorElements
2026-02-18T13:14:46.884Z LH:status Getting artifact: ConsoleMessages
2026-02-18T13:14:46.884Z LH:status Getting artifact: CSSUsage
2026-02-18T13:14:47.063Z LH:status Getting artifact: Doctype
2026-02-18T13:14:47.064Z LH:status Getting artifact: Inputs
2026-02-18T13:14:47.069Z LH:status Getting artifact: ImageElements
2026-02-18T13:14:47.128Z LH:status Getting artifact: InspectorIssues
2026-02-18T13:14:47.128Z LH:status Getting artifact: JsUsage
2026-02-18T13:14:47.128Z LH:status Getting artifact: LinkElements
2026-02-18T13:14:47.135Z LH:status Getting artifact: MainDocumentContent
2026-02-18T13:14:47.151Z LH:status Getting artifact: MetaElements
2026-02-18T13:14:47.155Z LH:status Getting artifact: NetworkUserAgent
2026-02-18T13:14:47.155Z LH:status Getting artifact: RobotsTxt
2026-02-18T13:14:47.178Z LH:status Getting artifact: Scripts
2026-02-18T13:14:47.178Z LH:status Getting artifact: SourceMaps
2026-02-18T13:14:47.629Z LH:status Getting artifact: Stacks
2026-02-18T13:14:47.630Z LH:status Collect stacks
2026-02-18T13:14:47.643Z LH:status Getting artifact: Stylesheets
2026-02-18T13:14:47.740Z LH:status Getting artifact: TraceElements
2026-02-18T13:14:47.804Z LH:status Trace Engine total
2026-02-18T13:14:47.804Z LH:status Trace Engine parse
2026-02-18T13:14:47.805Z LH:status Trace Engine parse:handleEvent
2026-02-18T13:14:48.029Z LH:status Trace Engine parse:Meta:finalize
2026-02-18T13:14:48.031Z LH:status Trace Engine parse:AnimationFrames:finalize
2026-02-18T13:14:48.032Z LH:status Trace Engine parse:Animations:finalize
2026-02-18T13:14:48.034Z LH:status Trace Engine parse:Samples:finalize
2026-02-18T13:14:48.036Z LH:status Trace Engine parse:AuctionWorklets:finalize
2026-02-18T13:14:48.037Z LH:status Trace Engine parse:NetworkRequests:finalize
2026-02-18T13:14:48.043Z LH:status Trace Engine parse:Renderer:finalize
2026-02-18T13:14:48.074Z LH:status Trace Engine parse:Flows:finalize
2026-02-18T13:14:48.084Z LH:status Trace Engine parse:AsyncJSCalls:finalize
2026-02-18T13:14:48.087Z LH:status Trace Engine parse:DOMStats:finalize
2026-02-18T13:14:48.088Z LH:status Trace Engine parse:UserTimings:finalize
2026-02-18T13:14:48.089Z LH:status Trace Engine parse:ExtensionTraceData:finalize
2026-02-18T13:14:48.091Z LH:status Trace Engine parse:LayerTree:finalize
2026-02-18T13:14:48.092Z LH:status Trace Engine parse:Frames:finalize
2026-02-18T13:14:48.102Z LH:status Trace Engine parse:GPU:finalize
2026-02-18T13:14:48.108Z LH:status Trace Engine parse:ImagePainting:finalize
2026-02-18T13:14:48.109Z LH:status Trace Engine parse:Initiators:finalize
2026-02-18T13:14:48.112Z LH:status Trace Engine parse:Invalidations:finalize
2026-02-18T13:14:48.113Z LH:status Trace Engine parse:PageLoadMetrics:finalize
2026-02-18T13:14:48.116Z LH:status Trace Engine parse:LargestImagePaint:finalize
2026-02-18T13:14:48.117Z LH:status Trace Engine parse:LargestTextPaint:finalize
2026-02-18T13:14:48.118Z LH:status Trace Engine parse:Screenshots:finalize
2026-02-18T13:14:48.126Z LH:status Trace Engine parse:LayoutShifts:finalize
2026-02-18T13:14:48.128Z LH:status Trace Engine parse:Memory:finalize
2026-02-18T13:14:48.130Z LH:status Trace Engine parse:PageFrames:finalize
2026-02-18T13:14:48.131Z LH:status Trace Engine parse:Scripts:finalize
2026-02-18T13:14:48.134Z LH:status Trace Engine parse:SelectorStats:finalize
2026-02-18T13:14:48.135Z LH:status Trace Engine parse:UserInteractions:finalize
2026-02-18T13:14:48.137Z LH:status Trace Engine parse:Workers:finalize
2026-02-18T13:14:48.138Z LH:status Trace Engine parse:Warnings:finalize
2026-02-18T13:14:48.139Z LH:status Trace Engine parse:handler.data()
2026-02-18T13:14:48.140Z LH:status Trace Engine insights
2026-02-18T13:14:48.140Z LH:status Trace Engine insights:CLSCulprits
2026-02-18T13:14:48.140Z LH:status Trace Engine insights:Cache
2026-02-18T13:14:48.141Z LH:status Trace Engine insights:DOMSize
2026-02-18T13:14:48.141Z LH:status Trace Engine insights:DocumentLatency
2026-02-18T13:14:48.142Z LH:status Trace Engine insights:DuplicatedJavaScript
2026-02-18T13:14:48.142Z LH:status Trace Engine insights:FontDisplay
2026-02-18T13:14:48.142Z LH:status Trace Engine insights:ForcedReflow
2026-02-18T13:14:48.143Z LH:status Trace Engine insights:INPBreakdown
2026-02-18T13:14:48.143Z LH:status Trace Engine insights:ImageDelivery
2026-02-18T13:14:48.143Z LH:status Trace Engine insights:LCPBreakdown
2026-02-18T13:14:48.143Z LH:status Trace Engine insights:LCPDiscovery
2026-02-18T13:14:48.144Z LH:status Trace Engine insights:LegacyJavaScript
2026-02-18T13:14:48.144Z LH:status Trace Engine insights:ModernHTTP
2026-02-18T13:14:48.144Z LH:status Trace Engine insights:NetworkDependencyTree
2026-02-18T13:14:48.144Z LH:status Trace Engine insights:RenderBlocking
2026-02-18T13:14:48.145Z LH:status Trace Engine insights:SlowCSSSelector
2026-02-18T13:14:48.145Z LH:status Trace Engine insights:ThirdParties
2026-02-18T13:14:48.147Z LH:status Trace Engine insights:Viewport
2026-02-18T13:14:48.147Z LH:status Trace Engine insights:createLanternContext
LanternError: missing metric scores for specified navigation
    at Module.createProcessedNavigation (file:///root/.openclaw/workspace/quotegen-app/node_modules/@paulirish/trace_engine/models/trace/LanternComputationData.js:13:15)
    at #createLanternContext (file:///root/.openclaw/workspace/quotegen-app/node_modules/@paulirish/trace_engine/models/trace/Processor.js:238:60)
    at #computeInsightsForNavigation (file:///root/.openclaw/workspace/quotegen-app/node_modules/@paulirish/trace_engine/models/trace/Processor.js:477:49)
    at #computeInsights (file:///root/.openclaw/workspace/quotegen-app/node_modules/@paulirish/trace_engine/models/trace/Processor.js:445:47)
    at TraceProcessor.parse (file:///root/.openclaw/workspace/quotegen-app/node_modules/@paulirish/trace_engine/models/trace/Processor.js:126:38)
    at async TraceEngineResult.runTraceEngine (file:///root/.openclaw/workspace/quotegen-app/node_modules/lighthouse/core/computed/trace-engine-result.js:43:5)
    at async TraceEngineResult.compute_ (file:///root/.openclaw/workspace/quotegen-app/node_modules/lighthouse/core/computed/trace-engine-result.js:256:7)
2026-02-18T13:14:48.154Z LH:status Trace Engine insights:CLSCulprits
2026-02-18T13:14:48.154Z LH:status Trace Engine insights:Cache
2026-02-18T13:14:48.155Z LH:status Trace Engine insights:DOMSize
2026-02-18T13:14:48.155Z LH:status Trace Engine insights:DocumentLatency
2026-02-18T13:14:48.155Z LH:status Trace Engine insights:DuplicatedJavaScript
2026-02-18T13:14:48.155Z LH:status Trace Engine insights:FontDisplay
2026-02-18T13:14:48.155Z LH:status Trace Engine insights:ForcedReflow
2026-02-18T13:14:48.156Z LH:status Trace Engine insights:INPBreakdown
2026-02-18T13:14:48.156Z LH:status Trace Engine insights:ImageDelivery
2026-02-18T13:14:48.156Z LH:status Trace Engine insights:LCPBreakdown
2026-02-18T13:14:48.156Z LH:status Trace Engine insights:LCPDiscovery
2026-02-18T13:14:48.156Z LH:status Trace Engine insights:LegacyJavaScript
2026-02-18T13:14:48.156Z LH:status Trace Engine insights:ModernHTTP
2026-02-18T13:14:48.156Z LH:status Trace Engine insights:NetworkDependencyTree
2026-02-18T13:14:48.157Z LH:status Trace Engine insights:RenderBlocking
2026-02-18T13:14:48.157Z LH:status Trace Engine insights:SlowCSSSelector
2026-02-18T13:14:48.157Z LH:status Trace Engine insights:ThirdParties
2026-02-18T13:14:48.158Z LH:status Trace Engine insights:Viewport
2026-02-18T13:14:48.159Z LH:status Trace Engine insights:createLanternContext
2026-02-18T13:14:48.171Z LH:status Trace Engine insights:CLSCulprits
2026-02-18T13:14:48.171Z LH:status Trace Engine insights:Cache
2026-02-18T13:14:48.174Z LH:status Trace Engine insights:DOMSize
2026-02-18T13:14:48.174Z LH:status Trace Engine insights:DocumentLatency
2026-02-18T13:14:48.174Z LH:status Trace Engine insights:DuplicatedJavaScript
2026-02-18T13:14:48.174Z LH:status Trace Engine insights:FontDisplay
2026-02-18T13:14:48.175Z LH:status Trace Engine insights:ForcedReflow
2026-02-18T13:14:48.175Z LH:status Trace Engine insights:INPBreakdown
2026-02-18T13:14:48.176Z LH:status Trace Engine insights:ImageDelivery
2026-02-18T13:14:48.176Z LH:status Trace Engine insights:LCPBreakdown
2026-02-18T13:14:48.176Z LH:status Trace Engine insights:LCPDiscovery
2026-02-18T13:14:48.176Z LH:status Trace Engine insights:LegacyJavaScript
2026-02-18T13:14:48.413Z LH:status Trace Engine insights:ModernHTTP
2026-02-18T13:14:48.414Z LH:status Trace Engine insights:NetworkDependencyTree
2026-02-18T13:14:48.415Z LH:status Trace Engine insights:RenderBlocking
2026-02-18T13:14:48.416Z LH:status Trace Engine insights:SlowCSSSelector
2026-02-18T13:14:48.416Z LH:status Trace Engine insights:ThirdParties
2026-02-18T13:14:48.417Z LH:status Trace Engine insights:Viewport
2026-02-18T13:14:48.490Z LH:status Getting artifact: ViewportDimensions
2026-02-18T13:14:48.492Z LH:status Getting artifact: FullPageScreenshot
2026-02-18T13:14:53.566Z LH:status Getting artifact: BFCacheFailures
2026-02-18T13:14:53.921Z LH:status Analyzing and running audits...
2026-02-18T13:14:53.923Z LH:status Auditing: Uses HTTPS
2026-02-18T13:14:53.928Z LH:status Auditing: Redirects HTTP traffic to HTTPS
2026-02-18T13:14:53.931Z LH:status Auditing: First Contentful Paint
2026-02-18T13:14:54.004Z LH:status Auditing: Largest Contentful Paint
2026-02-18T13:14:54.022Z LH:status Auditing: Speed Index
2026-02-18T13:14:54.178Z LH:status Auditing: Screenshot Thumbnails
2026-02-18T13:14:54.178Z LH:status Auditing: Final Screenshot
2026-02-18T13:14:54.181Z LH:status Auditing: Total Blocking Time
2026-02-18T13:14:54.209Z LH:status Auditing: Max Potential First Input Delay
2026-02-18T13:14:54.228Z LH:status Auditing: Cumulative Layout Shift
2026-02-18T13:14:54.229Z LH:status Auditing: No browser errors logged to the console
2026-02-18T13:14:54.232Z LH:status Auditing: Initial server response time was short
2026-02-18T13:14:54.234Z LH:status Auditing: Time to Interactive
2026-02-18T13:14:54.235Z LH:status Auditing: User Timing marks and measures
2026-02-18T13:14:54.240Z LH:status Auditing: Avoid multiple page redirects
2026-02-18T13:14:54.250Z LH:status Auditing: Displays images with correct aspect ratio
2026-02-18T13:14:54.251Z LH:status Auditing: Serves images with appropriate resolution
2026-02-18T13:14:54.253Z LH:status Auditing: Avoids deprecated APIs
2026-02-18T13:14:54.254Z LH:status Auditing: Avoids third-party cookies
2026-02-18T13:14:54.254Z LH:status Auditing: Minimizes main-thread work
2026-02-18T13:14:54.264Z LH:mainthread-work-breakdown:warn Caught exception: Fatal trace logic error - child cannot end after parent
2026-02-18T13:14:54.265Z LH:status Auditing: JavaScript execution time
2026-02-18T13:14:54.265Z LH:bootup-time:warn Caught exception: Fatal trace logic error - child cannot end after parent
2026-02-18T13:14:54.266Z LH:status Auditing: Diagnostics
2026-02-18T13:14:54.266Z LH:diagnostics:warn Caught exception: Fatal trace logic error - child cannot end after parent
2026-02-18T13:14:54.266Z LH:status Auditing: Network Requests
2026-02-18T13:14:54.269Z LH:status Auditing: Network Round Trip Times
2026-02-18T13:14:54.270Z LH:status Auditing: Server Backend Latencies
2026-02-18T13:14:54.271Z LH:status Auditing: Tasks
2026-02-18T13:14:54.271Z LH:main-thread-tasks:warn Caught exception: Fatal trace logic error - child cannot end after parent
2026-02-18T13:14:54.271Z LH:status Auditing: Metrics
2026-02-18T13:14:54.275Z LH:status Auditing: Resources Summary
2026-02-18T13:14:54.277Z LH:status Auditing: Avoid large layout shifts
2026-02-18T13:14:54.278Z LH:status Auditing: Avoid long main-thread tasks
2026-02-18T13:14:54.279Z LH:long-tasks:warn Caught exception: Fatal trace logic error - child cannot end after parent
2026-02-18T13:14:54.279Z LH:status Auditing: Avoid non-composited animations
2026-02-18T13:14:54.280Z LH:status Auditing: Image elements have explicit `width` and `height`
2026-02-18T13:14:54.282Z LH:status Auditing: Page has valid source maps
2026-02-18T13:14:54.284Z LH:status Auditing: Ensure CSP is effective against XSS attacks
2026-02-18T13:14:54.288Z LH:status Auditing: Use a strong HSTS policy
2026-02-18T13:14:54.289Z LH:status Auditing: Ensure proper origin isolation with COOP
2026-02-18T13:14:54.289Z LH:status Auditing: Mitigate clickjacking with XFO or CSP
2026-02-18T13:14:54.295Z LH:status Auditing: Mitigate DOM-based XSS with Trusted Types
2026-02-18T13:14:54.296Z LH:status Auditing: Script Treemap Data
2026-02-18T13:14:54.402Z LH:status Auditing: `[accesskey]` values are unique
2026-02-18T13:14:54.404Z LH:status Auditing: `[aria-*]` attributes match their roles
2026-02-18T13:14:54.408Z LH:status Auditing: Uses ARIA roles only on compatible elements
2026-02-18T13:14:54.412Z LH:status Auditing: `button`, `link`, and `menuitem` elements have accessible names
2026-02-18T13:14:54.414Z LH:status Auditing: ARIA attributes are used as specified for the element's role
2026-02-18T13:14:54.416Z LH:status Auditing: Deprecated ARIA roles were not used
2026-02-18T13:14:54.419Z LH:status Auditing: Elements with `role="dialog"` or `role="alertdialog"` have accessible names.
2026-02-18T13:14:54.420Z LH:status Auditing: `[aria-hidden="true"]` is not present on the document `<body>`
2026-02-18T13:14:54.422Z LH:status Auditing: `[aria-hidden="true"]` elements do not contain focusable descendents
2026-02-18T13:14:54.430Z LH:status Auditing: ARIA input fields have accessible names
2026-02-18T13:14:54.432Z LH:status Auditing: ARIA `meter` elements have accessible names
2026-02-18T13:14:54.433Z LH:status Auditing: ARIA `progressbar` elements have accessible names
2026-02-18T13:14:54.434Z LH:status Auditing: Elements use only permitted ARIA attributes
2026-02-18T13:14:54.437Z LH:status Auditing: `[role]`s have all required `[aria-*]` attributes
2026-02-18T13:14:54.440Z LH:status Auditing: Elements with an ARIA `[role]` that require children to contain a specific `[role]` have all required children.
2026-02-18T13:14:54.441Z LH:status Auditing: `[role]`s are contained by their required parent element
2026-02-18T13:14:54.442Z LH:status Auditing: `[role]` values are valid
2026-02-18T13:14:54.451Z LH:status Auditing: Elements with the `role=text` attribute do not have focusable descendents.
2026-02-18T13:14:54.452Z LH:status Auditing: ARIA toggle fields have accessible names
2026-02-18T13:14:54.453Z LH:status Auditing: ARIA `tooltip` elements have accessible names
2026-02-18T13:14:54.454Z LH:status Auditing: ARIA `treeitem` elements have accessible names
2026-02-18T13:14:54.455Z LH:status Auditing: `[aria-*]` attributes have valid values
2026-02-18T13:14:54.457Z LH:status Auditing: `[aria-*]` attributes are valid and not misspelled
2026-02-18T13:14:54.460Z LH:status Auditing: Buttons have an accessible name
2026-02-18T13:14:54.463Z LH:status Auditing: The page contains a heading, skip link, or landmark region
2026-02-18T13:14:54.465Z LH:status Auditing: Background and foreground colors have a sufficient contrast ratio
2026-02-18T13:14:54.478Z LH:status Auditing: `<dl>`'s contain only properly-ordered `<dt>` and `<dd>` groups, `<script>`, `<template>` or `<div>` elements.
2026-02-18T13:14:54.480Z LH:status Auditing: Definition list items are wrapped in `<dl>` elements
2026-02-18T13:14:54.481Z LH:status Auditing: Document has a `<title>` element
2026-02-18T13:14:54.483Z LH:status Auditing: ARIA IDs are unique
2026-02-18T13:14:54.484Z LH:status Auditing: All heading elements contain content.
2026-02-18T13:14:54.486Z LH:status Auditing: No form fields have multiple labels
2026-02-18T13:14:54.488Z LH:status Auditing: `<frame>` or `<iframe>` elements have a title
2026-02-18T13:14:54.489Z LH:status Auditing: Heading elements appear in a sequentially-descending order
2026-02-18T13:14:54.492Z LH:status Auditing: `<html>` element has a `[lang]` attribute
2026-02-18T13:14:54.494Z LH:status Auditing: `<html>` element has a valid value for its `[lang]` attribute
2026-02-18T13:14:54.496Z LH:status Auditing: `<html>` element has an `[xml:lang]` attribute with the same base language as the `[lang]` attribute.
2026-02-18T13:14:54.507Z LH:status Auditing: Identical links have the same purpose.
2026-02-18T13:14:54.509Z LH:status Auditing: Image elements have `[alt]` attributes
2026-02-18T13:14:54.510Z LH:status Auditing: Image elements do not have `[alt]` attributes that are redundant text.
2026-02-18T13:14:54.512Z LH:status Auditing: Input buttons have discernible text.
2026-02-18T13:14:54.513Z LH:status Auditing: `<input type="image">` elements have `[alt]` text
2026-02-18T13:14:54.515Z LH:status Auditing: Elements with visible text labels have matching accessible names.
2026-02-18T13:14:54.517Z LH:status Auditing: Form elements have associated labels
2026-02-18T13:14:54.520Z LH:status Auditing: Document has a main landmark.
2026-02-18T13:14:54.523Z LH:status Auditing: Links have a discernible name
2026-02-18T13:14:54.537Z LH:status Auditing: Links are distinguishable without relying on color.
2026-02-18T13:14:54.539Z LH:status Auditing: Lists contain only `<li>` elements and script supporting elements (`<script>` and `<template>`).
2026-02-18T13:14:54.541Z LH:status Auditing: List items (`<li>`) are contained within `<ul>`, `<ol>` or `<menu>` parent elements
2026-02-18T13:14:54.543Z LH:status Auditing: The document does not use `<meta http-equiv="refresh">`
2026-02-18T13:14:54.545Z LH:status Auditing: `[user-scalable="no"]` is not used in the `<meta name="viewport">` element and the `[maximum-scale]` attribute is not less than 5.
2026-02-18T13:14:54.548Z LH:status Auditing: `<object>` elements have alternate text
2026-02-18T13:14:54.550Z LH:status Auditing: Select elements have associated label elements.
2026-02-18T13:14:54.552Z LH:status Auditing: Skip links are focusable.
2026-02-18T13:14:54.553Z LH:status Auditing: No element has a `[tabindex]` value greater than 0
2026-02-18T13:14:54.556Z LH:status Auditing: Tables have different content in the summary attribute and `<caption>`.
2026-02-18T13:14:54.569Z LH:status Auditing: Tables use `<caption>` instead of cells with the `[colspan]` attribute to indicate a caption.
2026-02-18T13:14:54.571Z LH:status Auditing: Touch targets have sufficient size and spacing.
2026-02-18T13:14:54.573Z LH:status Auditing: `<td>` elements in a large `<table>` have one or more table headers.
2026-02-18T13:14:54.575Z LH:status Auditing: Cells in a `<table>` element that use the `[headers]` attribute refer to table cells within the same table.
2026-02-18T13:14:54.577Z LH:status Auditing: `<th>` elements and elements with `[role="columnheader"/"rowheader"]` have data cells they describe.
2026-02-18T13:14:54.578Z LH:status Auditing: `[lang]` attributes have a valid value
2026-02-18T13:14:54.581Z LH:status Auditing: `<video>` elements contain a `<track>` element with `[kind="captions"]`
2026-02-18T13:14:54.583Z LH:status Auditing: Custom controls have associated labels
2026-02-18T13:14:54.583Z LH:status Auditing: Custom controls have ARIA roles
2026-02-18T13:14:54.583Z LH:status Auditing: User focus is not accidentally trapped in a region
2026-02-18T13:14:54.583Z LH:status Auditing: Interactive controls are keyboard focusable
2026-02-18T13:14:54.583Z LH:status Auditing: Interactive elements indicate their purpose and state
2026-02-18T13:14:54.583Z LH:status Auditing: The page has a logical tab order
2026-02-18T13:14:54.583Z LH:status Auditing: The user's focus is directed to new content added to the page
2026-02-18T13:14:54.583Z LH:status Auditing: Offscreen content is hidden from assistive technology
2026-02-18T13:14:54.583Z LH:status Auditing: HTML5 landmark elements are used to improve navigation
2026-02-18T13:14:54.583Z LH:status Auditing: Visual order on the page follows DOM order
2026-02-18T13:14:54.583Z LH:status Auditing: Avoids enormous network payloads
2026-02-18T13:14:54.585Z LH:status Auditing: Minify CSS
2026-02-18T13:14:54.652Z LH:status Auditing: Minify JavaScript
2026-02-18T13:14:54.810Z LH:status Auditing: Reduce unused CSS
2026-02-18T13:14:54.815Z LH:status Auditing: Reduce unused JavaScript
2026-02-18T13:14:54.848Z LH:status Auditing: Page has the HTML doctype
2026-02-18T13:14:54.849Z LH:status Auditing: Properly defines charset
2026-02-18T13:14:54.852Z LH:status Auditing: Avoids requesting the geolocation permission on page load
2026-02-18T13:14:54.854Z LH:status Auditing: No issues in the `Issues` panel in Chrome Devtools
2026-02-18T13:14:54.855Z LH:status Auditing: Detected JavaScript libraries
2026-02-18T13:14:54.856Z LH:status Auditing: Avoids requesting the notification permission on page load
2026-02-18T13:14:54.857Z LH:status Auditing: Allows users to paste into input fields
2026-02-18T13:14:54.858Z LH:status Auditing: Document has a meta description
2026-02-18T13:14:54.859Z LH:status Auditing: Page has successful HTTP status code
2026-02-18T13:14:54.860Z LH:status Auditing: Links have descriptive text
2026-02-18T13:14:54.861Z LH:status Auditing: Links are crawlable
2026-02-18T13:14:54.862Z LH:status Auditing: Page isn’t blocked from indexing
2026-02-18T13:14:54.864Z LH:status Auditing: robots.txt is valid
2026-02-18T13:14:54.865Z LH:status Auditing: Document has a valid `hreflang`
2026-02-18T13:14:54.866Z LH:status Auditing: Document has a valid `rel=canonical`
2026-02-18T13:14:54.867Z LH:status Auditing: Structured data is valid
2026-02-18T13:14:54.870Z LH:status Auditing: Page didn't prevent back/forward cache restoration
2026-02-18T13:14:54.871Z LH:status Auditing: Use efficient cache lifetimes
2026-02-18T13:14:54.872Z LH:status Auditing: Layout shift culprits
2026-02-18T13:14:54.875Z LH:status Auditing: Document request latency
2026-02-18T13:14:54.876Z LH:status Auditing: Optimize DOM size
2026-02-18T13:14:54.878Z LH:status Auditing: Duplicated JavaScript
2026-02-18T13:14:54.879Z LH:status Auditing: Font display
2026-02-18T13:14:54.880Z LH:status Auditing: Forced reflow
2026-02-18T13:14:54.881Z LH:status Auditing: Improve image delivery
2026-02-18T13:14:54.883Z LH:status Auditing: INP breakdown
2026-02-18T13:14:54.884Z LH:status Auditing: LCP breakdown
2026-02-18T13:14:54.885Z LH:status Auditing: LCP request discovery
2026-02-18T13:14:54.886Z LH:status Auditing: Legacy JavaScript
2026-02-18T13:14:54.887Z LH:status Auditing: Modern HTTP
2026-02-18T13:14:54.888Z LH:status Auditing: Network dependency tree
2026-02-18T13:14:54.889Z LH:status Auditing: Render blocking requests
2026-02-18T13:14:54.890Z LH:status Auditing: 3rd parties
2026-02-18T13:14:54.892Z LH:status Auditing: Optimize viewport for mobile
2026-02-18T13:14:54.893Z LH:status Generating results...
2026-02-18T13:14:54.934Z LH:Printer json output written to lighthouse-report-cron.json
2026-02-18T13:14:54.934Z LH:ChromeLauncher Killing Chrome instance 484531
